2025-11-08T21:41:53+08:00 ::1 GET / 404
2025-11-08T21:41:53+08:00 ::1 GET /favicon.ico 404
signal: interrupt
2025-11-08T21:43:08+08:00 ::1 GET /api/leaderboard?limit=5 200
2025-11-08T21:43:08+08:00 ::1 GET /api/artworks 200
2025-11-08T21:43:08+08:00 ::1 GET /api/leaderboard?limit=5 200
2025-11-08T21:43:08+08:00 ::1 GET /api/artworks 200
2025-11-08T21:44:58+08:00 ::1 GET /api/artworks 200
2025-11-08T21:44:58+08:00 ::1 GET /api/leaderboard?limit=5 200
2025-11-08T21:45:04+08:00 ::1 GET /api/leaderboard?limit=5 200
2025-11-08T21:45:04+08:00 ::1 GET /api/artworks 200
2025-11-08T21:46:13+08:00 ::1 GET /api/artworks 200
2025-11-08T21:46:13+08:00 ::1 GET /api/leaderboard?limit=5 200
2025-11-08T21:46:13+08:00 ::1 GET /api/artworks 200
2025-11-08T21:46:13+08:00 ::1 GET /api/leaderboard?limit=5 200
2025-11-08T23:29:09+08:00 ::1 GET /api/leaderboard?limit=5 200
2025-11-08T23:29:09+08:00 ::1 GET /api/artworks 200
2025-11-08T23:29:09+08:00 ::1 GET /api/leaderboard?limit=5 200
2025-11-08T23:29:09+08:00 ::1 GET /api/artworks 200
2025-11-08T23:32:16+08:00 ::1 GET /api/artworks 200
2025-11-08T23:32:16+08:00 ::1 GET /api/leaderboard?limit=5 200
2025-11-08T23:32:23+08:00 ::1 GET /api/artworks 200
2025-11-08T23:32:23+08:00 ::1 GET /api/leaderboard?limit=5 200
2025-11-08T23:32:45+08:00 ::1 GET /api/artworks 200
2025-11-08T23:32:45+08:00 ::1 GET /api/leaderboard?limit=5 200
2025-11-08T23:32:52+08:00 ::1 GET /api/artworks 200
2025-11-08T23:32:52+08:00 ::1 GET /api/leaderboard?limit=5 200
2025-11-08T23:33:13+08:00 ::1 GET /api/artworks 200
2025-11-08T23:33:13+08:00 ::1 GET /api/leaderboard?limit=5 200
2025-11-08T23:33:13+08:00 ::1 GET /api/artworks 200
2025-11-08T23:33:13+08:00 ::1 GET /api/leaderboard?limit=5 200
2025-11-08T23:34:30+08:00 ::1 GET /api/leaderboard?limit=5 200
2025-11-08T23:34:30+08:00 ::1 GET /api/artworks 200
2025-11-08T23:35:06+08:00 ::1 GET /api/leaderboard?limit=5 200
2025-11-08T23:35:06+08:00 ::1 GET /api/artworks 200
2025-11-08T23:35:06+08:00 ::1 GET /api/leaderboard?limit=5 200
2025-11-08T23:35:06+08:00 ::1 GET /api/artworks 200
2025-11-08T23:38:43+08:00 ::1 GET /api/artworks 200
2025-11-08T23:38:43+08:00 ::1 GET /api/leaderboard?limit=5 200
2025-11-08T23:38:59+08:00 ::1 GET /api/artworks 200
2025-11-08T23:38:59+08:00 ::1 GET /api/leaderboard?limit=5 200
2025-11-08T23:38:59+08:00 ::1 GET /api/artworks 200
2025-11-08T23:38:59+08:00 ::1 GET /api/leaderboard?limit=5 200
2025-11-08T23:41:57+08:00 ::1 GET /api/artworks 200
2025-11-08T23:41:57+08:00 ::1 GET /api/leaderboard?limit=5 200
2025-11-08T23:41:57+08:00 ::1 GET /api/artworks 200
2025-11-08T23:41:57+08:00 ::1 GET /api/leaderboard?limit=5 200
2025-11-08T23:42:03+08:00 ::1 GET /api/artworks 200
2025-11-08T23:42:03+08:00 ::1 GET /api/leaderboard?limit=5 200
2025-11-08T23:42:12+08:00 ::1 GET /api/artworks 200
2025-11-08T23:42:12+08:00 ::1 GET /api/leaderboard?limit=5 200
2025-11-08T23:42:12+08:00 ::1 GET /api/artworks 200
2025-11-08T23:42:12+08:00 ::1 GET /api/leaderboard?limit=5 200
2025-11-08T23:42:22+08:00 ::1 GET /api/artworks 200
2025-11-08T23:42:22+08:00 ::1 GET /api/leaderboard?limit=5 200
2025-11-08T23:44:48+08:00 ::1 OPTIONS /api/artworks 204
2025-11-08T23:44:48+08:00 ::1 POST /api/artworks 201
2025-11-08T23:44:48+08:00 ::1 GET /api/leaderboard?limit=5 200
2025-11-08T23:44:48+08:00 ::1 GET /api/artworks 200
2025-11-08T23:44:51+08:00 ::1 POST /api/artworks/1dbb0534-fc94-4113-84ba-79e8011de0e5/like 200
2025-11-08T23:44:57+08:00 ::1 GET /api/artworks 200
2025-11-08T23:44:57+08:00 ::1 GET /api/artworks 200
2025-11-08T23:44:57+08:00 ::1 GET /api/leaderboard?limit=5 200
2025-11-08T23:44:57+08:00 ::1 GET /api/leaderboard?limit=5 200
2025-11-08T23:45:16+08:00 ::1 GET /api/artworks 200
2025-11-08T23:45:16+08:00 ::1 GET /api/leaderboard?limit=5 200
2025-11-08T23:49:43+08:00 ::1 GET /api/artworks 200
2025-11-08T23:49:43+08:00 ::1 GET /api/leaderboard?limit=5 200
2025-11-08T23:49:43+08:00 ::1 GET /api/leaderboard?limit=5 200
2025-11-08T23:49:43+08:00 ::1 GET /api/artworks 200
2025-11-08T23:49:43+08:00 ::1 GET /api/artworks 200
2025-11-08T23:49:43+08:00 ::1 GET /api/leaderboard?limit=5 200
2025-11-08T23:49:43+08:00 ::1 GET /api/artworks 200
2025-11-08T23:49:43+08:00 ::1 GET /api/leaderboard?limit=5 200
2025-11-09T00:07:59+08:00 ::1 POST /api/artworks 201
2025-11-09T00:08:02+08:00 ::1 POST /api/artworks 201
2025-11-09T00:08:04+08:00 ::1 POST /api/artworks 201
2025-11-09T00:08:06+08:00 ::1 POST /api/artworks 201
2025-11-09T00:08:09+08:00 ::1 GET /api/artworks 200
2025-11-09T00:08:09+08:00 ::1 GET /api/artworks 200
2025-11-09T18:38:45+08:00 ::1 GET /api/leaderboard?limit=10 200
2025-11-09T18:38:45+08:00 ::1 GET /api/leaderboard?limit=10 200
2025-11-09T18:40:30+08:00 ::1 POST /api/artworks 201
2025-11-09T18:40:34+08:00 ::1 POST /api/artworks 201
2025-11-09T18:41:30+08:00 ::1 POST /api/artworks 201
2025-11-09T19:32:38+08:00 ::1 OPTIONS /api/artworks 204
2025-11-09T19:32:38+08:00 ::1 POST /api/artworks 201
2025-11-09T19:32:40+08:00 ::1 GET /api/artworks 200
2025-11-09T19:32:40+08:00 ::1 GET /api/artworks 200
2025-11-09T19:32:45+08:00 ::1 POST /api/artworks/5d70137a-6fab-4b86-b8ac-87a2122b89bc/like 200
2025-11-09T19:33:29+08:00 ::1 GET /api/leaderboard?limit=10 200
2025-11-09T19:33:29+08:00 ::1 GET /api/leaderboard?limit=10 200
2025-11-09T19:33:32+08:00 ::1 GET /api/artworks 200
2025-11-09T19:33:32+08:00 ::1 GET /api/artworks 200
2025-11-09T19:33:38+08:00 ::1 POST /api/artworks/65ac69a1-2e46-4894-b1e5-30b63a597e52/like 200
2025-11-09T19:33:40+08:00 ::1 GET /api/leaderboard?limit=10 200
2025-11-09T19:33:40+08:00 ::1 GET /api/leaderboard?limit=10 200
2025-11-09T19:33:46+08:00 ::1 GET /api/artworks 200
2025-11-09T19:33:46+08:00 ::1 GET /api/artworks 200
2025-11-09T19:37:48+08:00 ::1 GET /api/artworks 200
2025-11-09T19:38:27+08:00 ::1 GET /api/artworks 200
2025-11-09T19:38:27+08:00 ::1 GET /api/artworks 200
2025-11-09T19:39:10+08:00 ::1 GET /api/artworks 200
2025-11-09T19:39:10+08:00 ::1 GET /api/artworks 200
2025-11-09T19:39:15+08:00 ::1 GET /api/artworks 200
2025-11-09T19:39:15+08:00 ::1 GET /api/artworks 200
2025-11-09T19:39:57+08:00 ::1 GET /api/artworks 200
2025-11-09T19:39:57+08:00 ::1 GET /api/artworks 200
2025-11-09T19:40:09+08:00 ::1 GET /api/artworks 200
2025-11-09T19:40:09+08:00 ::1 GET /api/artworks 200
2025-11-09T19:40:25+08:00 ::1 GET /api/leaderboard?limit=10 200
2025-11-09T19:40:25+08:00 ::1 GET /api/leaderboard?limit=10 200
signal: interrupt
